Archive member included because of file (symbol)

/Users/chen/pebble-dev/PebbleSDK-2.3/Pebble/lib/libpebble.a(tmpAGzHFdpebble.o)
                              src/accelstream.c.7.o (accel_data_service_unsubscribe)

Discarded input sections

 .text          0x0000000000000000        0x0 /Users/chen/pebble-dev/PebbleSDK-2.3/arm-cs-tools/bin/../lib/gcc/arm-none-eabi/4.7.2/thumb2/crti.o
 .bss           0x0000000000000000        0x0 /Users/chen/pebble-dev/PebbleSDK-2.3/arm-cs-tools/bin/../lib/gcc/arm-none-eabi/4.7.2/thumb2/crti.o
 .init          0x0000000000000000        0x4 /Users/chen/pebble-dev/PebbleSDK-2.3/arm-cs-tools/bin/../lib/gcc/arm-none-eabi/4.7.2/thumb2/crti.o
 .fini          0x0000000000000000        0x4 /Users/chen/pebble-dev/PebbleSDK-2.3/arm-cs-tools/bin/../lib/gcc/arm-none-eabi/4.7.2/thumb2/crti.o
 .text          0x0000000000000000       0xc8 /Users/chen/pebble-dev/PebbleSDK-2.3/arm-cs-tools/bin/../lib/gcc/arm-none-eabi/4.7.2/thumb2/crtbegin.o
 .bss           0x0000000000000000       0x1c /Users/chen/pebble-dev/PebbleSDK-2.3/arm-cs-tools/bin/../lib/gcc/arm-none-eabi/4.7.2/thumb2/crtbegin.o
 .init_array    0x0000000000000000        0x4 /Users/chen/pebble-dev/PebbleSDK-2.3/arm-cs-tools/bin/../lib/gcc/arm-none-eabi/4.7.2/thumb2/crtbegin.o
 .fini_array    0x0000000000000000        0x4 /Users/chen/pebble-dev/PebbleSDK-2.3/arm-cs-tools/bin/../lib/gcc/arm-none-eabi/4.7.2/thumb2/crtbegin.o
 .eh_frame      0x0000000000000000        0x0 /Users/chen/pebble-dev/PebbleSDK-2.3/arm-cs-tools/bin/../lib/gcc/arm-none-eabi/4.7.2/thumb2/crtbegin.o
 .jcr           0x0000000000000000        0x0 /Users/chen/pebble-dev/PebbleSDK-2.3/arm-cs-tools/bin/../lib/gcc/arm-none-eabi/4.7.2/thumb2/crtbegin.o
 .tm_clone_table
                0x0000000000000000        0x0 /Users/chen/pebble-dev/PebbleSDK-2.3/arm-cs-tools/bin/../lib/gcc/arm-none-eabi/4.7.2/thumb2/crtbegin.o
 .text          0x0000000000000000        0x0 src/accelstream.c.7.o
 .bss           0x0000000000000000        0x0 src/accelstream.c.7.o
 .text          0x0000000000000000        0x0 src/cl_util.c.7.o
 .bss           0x0000000000000000        0x0 src/cl_util.c.7.o
 .text.cl_on_animation_stopped
                0x0000000000000000        0x4 src/cl_util.c.7.o
 .text.cl_init_app_message
                0x0000000000000000       0x34 src/cl_util.c.7.o
 .text.cl_animate_layer
                0x0000000000000000       0x50 src/cl_util.c.7.o
 .text.cl_send_int
                0x0000000000000000       0x2e src/cl_util.c.7.o
 .text.cl_in_dropped_handler
                0x0000000000000000       0x14 src/cl_util.c.7.o
 .text.cl_breakpoint
                0x0000000000000000        0xc src/cl_util.c.7.o
 .text.cl_fill_chamfer_rect
                0x0000000000000000       0xb0 src/cl_util.c.7.o
 .bss.CL_APP_MESSAGE_OPEN
                0x0000000000000000        0x1 src/cl_util.c.7.o
 .text          0x0000000000000000        0x0 appinfo.auto.c.7.o
 .bss           0x0000000000000000        0x0 appinfo.auto.c.7.o
 .bss           0x0000000000000000        0x0 /Users/chen/pebble-dev/PebbleSDK-2.3/Pebble/lib/libpebble.a(tmpAGzHFdpebble.o)
 .text.accel_data_service_subscribe__deprecated
                0x0000000000000000        0xc /Users/chen/pebble-dev/PebbleSDK-2.3/Pebble/lib/libpebble.a(tmpAGzHFdpebble.o)
 .text.accel_service_peek
                0x0000000000000000        0xc /Users/chen/pebble-dev/PebbleSDK-2.3/Pebble/lib/libpebble.a(tmpAGzHFdpebble.o)
 .text.accel_service_set_samples_per_update
                0x0000000000000000        0xc /Users/chen/pebble-dev/PebbleSDK-2.3/Pebble/lib/libpebble.a(tmpAGzHFdpebble.o)
 .text.accel_tap_service_subscribe
                0x0000000000000000        0xc /Users/chen/pebble-dev/PebbleSDK-2.3/Pebble/lib/libpebble.a(tmpAGzHFdpebble.o)
 .text.accel_tap_service_unsubscribe
                0x0000000000000000        0xc /Users/chen/pebble-dev/PebbleSDK-2.3/Pebble/lib/libpebble.a(tmpAGzHFdpebble.o)
 .text.action_bar_layer_add_to_window
                0x0000000000000000        0xc /Users/chen/pebble-dev/PebbleSDK-2.3/Pebble/lib/libpebble.a(tmpAGzHFdpebble.o)
 .text.action_bar_layer_clear_icon
                0x0000000000000000        0xc /Users/chen/pebble-dev/PebbleSDK-2.3/Pebble/lib/libpebble.a(tmpAGzHFdpebble.o)
 .text.action_bar_layer_create
                0x0000000000000000        0xc /Users/chen/pebble-dev/PebbleSDK-2.3/Pebble/lib/libpebble.a(tmpAGzHFdpebble.o)
 .text.action_bar_layer_destroy
                0x0000000000000000        0xc /Users/chen/pebble-dev/PebbleSDK-2.3/Pebble/lib/libpebble.a(tmpAGzHFdpebble.o)
 .text.action_bar_layer_get_layer
                0x0000000000000000        0xc /Users/chen/pebble-dev/PebbleSDK-2.3/Pebble/lib/libpebble.a(tmpAGzHFdpebble.o)
 .text.action_bar_layer_remove_from_window
                0x0000000000000000        0xc /Users/chen/pebble-dev/PebbleSDK-2.3/Pebble/lib/libpebble.a(tmpAGzHFdpebble.o)
 .text.action_bar_layer_set_background_color
                0x0000000000000000        0xc /Users/chen/pebble-dev/PebbleSDK-2.3/Pebble/lib/libpebble.a(tmpAGzHFdpebble.o)
 .text.action_bar_layer_set_click_config_provider
                0x0000000000000000        0xc /Users/chen/pebble-dev/PebbleSDK-2.3/Pebble/lib/libpebble.a(tmpAGzHFdpebble.o)
 .text.action_bar_layer_set_context
                0x0000000000000000        0xc /Users/chen/pebble-dev/PebbleSDK-2.3/Pebble/lib/libpebble.a(tmpAGzHFdpebble.o)
 .text.action_bar_layer_set_icon
                0x0000000000000000        0xc /Users/chen/pebble-dev/PebbleSDK-2.3/Pebble/lib/libpebble.a(tmpAGzHFdpebble.o)
 .text.animation_create
                0x0000000000000000        0xc /Users/chen/pebble-dev/PebbleSDK-2.3/Pebble/lib/libpebble.a(tmpAGzHFdpebble.o)
 .text.animation_destroy
                0x0000000000000000        0xc /Users/chen/pebble-dev/PebbleSDK-2.3/Pebble/lib/libpebble.a(tmpAGzHFdpebble.o)
 .text.animation_get_context
                0x0000000000000000        0xc /Users/chen/pebble-dev/PebbleSDK-2.3/Pebble/lib/libpebble.a(tmpAGzHFdpebble.o)
 .text.animation_is_scheduled
                0x0000000000000000        0xc /Users/chen/pebble-dev/PebbleSDK-2.3/Pebble/lib/libpebble.a(tmpAGzHFdpebble.o)
 .text.animation_schedule
                0x0000000000000000        0xc /Users/chen/pebble-dev/PebbleSDK-2.3/Pebble/lib/libpebble.a(tmpAGzHFdpebble.o)
 .text.animation_set_curve
                0x0000000000000000        0xc /Users/chen/pebble-dev/PebbleSDK-2.3/Pebble/lib/libpebble.a(tmpAGzHFdpebble.o)
 .text.animation_set_delay
                0x0000000000000000        0xc /Users/chen/pebble-dev/PebbleSDK-2.3/Pebble/lib/libpebble.a(tmpAGzHFdpebble.o)
 .text.animation_set_duration
                0x0000000000000000        0xc /Users/chen/pebble-dev/PebbleSDK-2.3/Pebble/lib/libpebble.a(tmpAGzHFdpebble.o)
 .text.animation_set_handlers
                0x0000000000000000        0xc /Users/chen/pebble-dev/PebbleSDK-2.3/Pebble/lib/libpebble.a(tmpAGzHFdpebble.o)
 .text.animation_set_implementation
                0x0000000000000000        0xc /Users/chen/pebble-dev/PebbleSDK-2.3/Pebble/lib/libpebble.a(tmpAGzHFdpebble.o)
 .text.animation_unschedule
                0x0000000000000000        0xc /Users/chen/pebble-dev/PebbleSDK-2.3/Pebble/lib/libpebble.a(tmpAGzHFdpebble.o)
 .text.animation_unschedule_all
                0x0000000000000000        0xc /Users/chen/pebble-dev/PebbleSDK-2.3/Pebble/lib/libpebble.a(tmpAGzHFdpebble.o)
 .text.app_comm_get_sniff_interval
                0x0000000000000000        0xc /Users/chen/pebble-dev/PebbleSDK-2.3/Pebble/lib/libpebble.a(tmpAGzHFdpebble.o)
 .text.app_message_deregister_callbacks
                0x0000000000000000        0xc /Users/chen/pebble-dev/PebbleSDK-2.3/Pebble/lib/libpebble.a(tmpAGzHFdpebble.o)
 .text.app_sync_deinit
                0x0000000000000000        0xc /Users/chen/pebble-dev/PebbleSDK-2.3/Pebble/lib/libpebble.a(tmpAGzHFdpebble.o)
 .text.app_sync_get
                0x0000000000000000        0xc /Users/chen/pebble-dev/PebbleSDK-2.3/Pebble/lib/libpebble.a(tmpAGzHFdpebble.o)
 .text.app_sync_init
                0x0000000000000000        0xc /Users/chen/pebble-dev/PebbleSDK-2.3/Pebble/lib/libpebble.a(tmpAGzHFdpebble.o)
 .text.app_sync_set
                0x0000000000000000        0xc /Users/chen/pebble-dev/PebbleSDK-2.3/Pebble/lib/libpebble.a(tmpAGzHFdpebble.o)
 .text.app_timer_cancel
                0x0000000000000000        0xc /Users/chen/pebble-dev/PebbleSDK-2.3/Pebble/lib/libpebble.a(tmpAGzHFdpebble.o)
 .text.app_timer_register
                0x0000000000000000        0xc /Users/chen/pebble-dev/PebbleSDK-2.3/Pebble/lib/libpebble.a(tmpAGzHFdpebble.o)
 .text.app_timer_reschedule
                0x0000000000000000        0xc /Users/chen/pebble-dev/PebbleSDK-2.3/Pebble/lib/libpebble.a(tmpAGzHFdpebble.o)
 .text.atan2_lookup
                0x0000000000000000        0xc /Users/chen/pebble-dev/PebbleSDK-2.3/Pebble/lib/libpebble.a(tmpAGzHFdpebble.o)
 .text.atoi     0x0000000000000000        0xc /Users/chen/pebble-dev/PebbleSDK-2.3/Pebble/lib/libpebble.a(tmpAGzHFdpebble.o)
 .text.atol     0x0000000000000000        0xc /Users/chen/pebble-dev/PebbleSDK-2.3/Pebble/lib/libpebble.a(tmpAGzHFdpebble.o)
 .text.battery_state_service_subscribe
                0x0000000000000000        0xc /Users/chen/pebble-dev/PebbleSDK-2.3/Pebble/lib/libpebble.a(tmpAGzHFdpebble.o)
 .text.battery_state_service_unsubscribe
                0x0000000000000000        0xc /Users/chen/pebble-dev/PebbleSDK-2.3/Pebble/lib/libpebble.a(tmpAGzHFdpebble.o)
 .text.bitmap_layer_create
                0x0000000000000000        0xc /Users/chen/pebble-dev/PebbleSDK-2.3/Pebble/lib/libpebble.a(tmpAGzHFdpebble.o)
 .text.bitmap_layer_destroy
                0x0000000000000000        0xc /Users/chen/pebble-dev/PebbleSDK-2.3/Pebble/lib/libpebble.a(tmpAGzHFdpebble.o)
 .text.bitmap_layer_get_layer
                0x0000000000000000        0xc /Users/chen/pebble-dev/PebbleSDK-2.3/Pebble/lib/libpebble.a(tmpAGzHFdpebble.o)
 .text.bitmap_layer_set_alignment
                0x0000000000000000        0xc /Users/chen/pebble-dev/PebbleSDK-2.3/Pebble/lib/libpebble.a(tmpAGzHFdpebble.o)
 .text.bitmap_layer_set_background_color
                0x0000000000000000        0xc /Users/chen/pebble-dev/PebbleSDK-2.3/Pebble/lib/libpebble.a(tmpAGzHFdpebble.o)
 .text.bitmap_layer_set_bitmap
                0x0000000000000000        0xc /Users/chen/pebble-dev/PebbleSDK-2.3/Pebble/lib/libpebble.a(tmpAGzHFdpebble.o)
 .text.bitmap_layer_set_compositing_mode
                0x0000000000000000        0xc /Users/chen/pebble-dev/PebbleSDK-2.3/Pebble/lib/libpebble.a(tmpAGzHFdpebble.o)
 .text.bluetooth_connection_service_peek
                0x0000000000000000        0xc /Users/chen/pebble-dev/PebbleSDK-2.3/Pebble/lib/libpebble.a(tmpAGzHFdpebble.o)
 .text.bluetooth_connection_service_subscribe
                0x0000000000000000        0xc /Users/chen/pebble-dev/PebbleSDK-2.3/Pebble/lib/libpebble.a(tmpAGzHFdpebble.o)
 .text.bluetooth_connection_service_unsubscribe
                0x0000000000000000        0xc /Users/chen/pebble-dev/PebbleSDK-2.3/Pebble/lib/libpebble.a(tmpAGzHFdpebble.o)
 .text.click_number_of_clicks_counted
                0x0000000000000000        0xc /Users/chen/pebble-dev/PebbleSDK-2.3/Pebble/lib/libpebble.a(tmpAGzHFdpebble.o)
 .text.click_recognizer_get_button_id
                0x0000000000000000        0xc /Users/chen/pebble-dev/PebbleSDK-2.3/Pebble/lib/libpebble.a(tmpAGzHFdpebble.o)
 .text.clock_copy_time_string
                0x0000000000000000        0xc /Users/chen/pebble-dev/PebbleSDK-2.3/Pebble/lib/libpebble.a(tmpAGzHFdpebble.o)
 .text.clock_is_24h_style
                0x0000000000000000        0xc /Users/chen/pebble-dev/PebbleSDK-2.3/Pebble/lib/libpebble.a(tmpAGzHFdpebble.o)
 .text.cos_lookup
                0x0000000000000000        0xc /Users/chen/pebble-dev/PebbleSDK-2.3/Pebble/lib/libpebble.a(tmpAGzHFdpebble.o)
 .text.data_logging_create
                0x0000000000000000        0xc /Users/chen/pebble-dev/PebbleSDK-2.3/Pebble/lib/libpebble.a(tmpAGzHFdpebble.o)
 .text.data_logging_finish
                0x0000000000000000        0xc /Users/chen/pebble-dev/PebbleSDK-2.3/Pebble/lib/libpebble.a(tmpAGzHFdpebble.o)
 .text.data_logging_log
                0x0000000000000000        0xc /Users/chen/pebble-dev/PebbleSDK-2.3/Pebble/lib/libpebble.a(tmpAGzHFdpebble.o)
 .text.dict_calc_buffer_size
                0x0000000000000000        0xc /Users/chen/pebble-dev/PebbleSDK-2.3/Pebble/lib/libpebble.a(tmpAGzHFdpebble.o)
 .text.dict_calc_buffer_size_from_tuplets
                0x0000000000000000        0xc /Users/chen/pebble-dev/PebbleSDK-2.3/Pebble/lib/libpebble.a(tmpAGzHFdpebble.o)
 .text.dict_find
                0x0000000000000000        0xc /Users/chen/pebble-dev/PebbleSDK-2.3/Pebble/lib/libpebble.a(tmpAGzHFdpebble.o)
 .text.dict_merge
                0x0000000000000000        0xc /Users/chen/pebble-dev/PebbleSDK-2.3/Pebble/lib/libpebble.a(tmpAGzHFdpebble.o)
 .text.dict_read_begin_from_buffer
                0x0000000000000000        0xc /Users/chen/pebble-dev/PebbleSDK-2.3/Pebble/lib/libpebble.a(tmpAGzHFdpebble.o)
 .text.dict_serialize_tuplets
                0x0000000000000000        0xc /Users/chen/pebble-dev/PebbleSDK-2.3/Pebble/lib/libpebble.a(tmpAGzHFdpebble.o)
 .text.dict_serialize_tuplets_to_buffer__deprecated
                0x0000000000000000        0xc /Users/chen/pebble-dev/PebbleSDK-2.3/Pebble/lib/libpebble.a(tmpAGzHFdpebble.o)
 .text.dict_serialize_tuplets_to_buffer_with_iter
                0x0000000000000000        0xc /Users/chen/pebble-dev/PebbleSDK-2.3/Pebble/lib/libpebble.a(tmpAGzHFdpebble.o)
 .text.dict_write_begin
                0x0000000000000000        0xc /Users/chen/pebble-dev/PebbleSDK-2.3/Pebble/lib/libpebble.a(tmpAGzHFdpebble.o)
 .text.dict_write_cstring
                0x0000000000000000        0xc /Users/chen/pebble-dev/PebbleSDK-2.3/Pebble/lib/libpebble.a(tmpAGzHFdpebble.o)
 .text.dict_write_data
                0x0000000000000000        0xc /Users/chen/pebble-dev/PebbleSDK-2.3/Pebble/lib/libpebble.a(tmpAGzHFdpebble.o)
 .text.dict_write_end
                0x0000000000000000        0xc /Users/chen/pebble-dev/PebbleSDK-2.3/Pebble/lib/libpebble.a(tmpAGzHFdpebble.o)
 .text.dict_write_int
                0x0000000000000000        0xc /Users/chen/pebble-dev/PebbleSDK-2.3/Pebble/lib/libpebble.a(tmpAGzHFdpebble.o)
 .text.dict_write_int16
                0x0000000000000000        0xc /Users/chen/pebble-dev/PebbleSDK-2.3/Pebble/lib/libpebble.a(tmpAGzHFdpebble.o)
 .text.dict_write_int32
                0x0000000000000000        0xc /Users/chen/pebble-dev/PebbleSDK-2.3/Pebble/lib/libpebble.a(tmpAGzHFdpebble.o)
 .text.dict_write_int8
                0x0000000000000000        0xc /Users/chen/pebble-dev/PebbleSDK-2.3/Pebble/lib/libpebble.a(tmpAGzHFdpebble.o)
 .text.dict_write_uint16
                0x0000000000000000        0xc /Users/chen/pebble-dev/PebbleSDK-2.3/Pebble/lib/libpebble.a(tmpAGzHFdpebble.o)
 .text.dict_write_uint32
                0x0000000000000000        0xc /Users/chen/pebble-dev/PebbleSDK-2.3/Pebble/lib/libpebble.a(tmpAGzHFdpebble.o)
 .text.dict_write_uint8
                0x0000000000000000        0xc /Users/chen/pebble-dev/PebbleSDK-2.3/Pebble/lib/libpebble.a(tmpAGzHFdpebble.o)
 .text.fonts_unload_custom_font
                0x0000000000000000        0xc /Users/chen/pebble-dev/PebbleSDK-2.3/Pebble/lib/libpebble.a(tmpAGzHFdpebble.o)
 .text.free     0x0000000000000000        0xc /Users/chen/pebble-dev/PebbleSDK-2.3/Pebble/lib/libpebble.a(tmpAGzHFdpebble.o)
 .text.gbitmap_create_as_sub_bitmap
                0x0000000000000000        0xc /Users/chen/pebble-dev/PebbleSDK-2.3/Pebble/lib/libpebble.a(tmpAGzHFdpebble.o)
 .text.gbitmap_create_with_data
                0x0000000000000000        0xc /Users/chen/pebble-dev/PebbleSDK-2.3/Pebble/lib/libpebble.a(tmpAGzHFdpebble.o)
 .text.gbitmap_create_with_resource
                0x0000000000000000        0xc /Users/chen/pebble-dev/PebbleSDK-2.3/Pebble/lib/libpebble.a(tmpAGzHFdpebble.o)
 .text.gbitmap_destroy
                0x0000000000000000        0xc /Users/chen/pebble-dev/PebbleSDK-2.3/Pebble/lib/libpebble.a(tmpAGzHFdpebble.o)
 .text.gmtime   0x0000000000000000        0xc /Users/chen/pebble-dev/PebbleSDK-2.3/Pebble/lib/libpebble.a(tmpAGzHFdpebble.o)
 .text.gpath_create
                0x0000000000000000        0xc /Users/chen/pebble-dev/PebbleSDK-2.3/Pebble/lib/libpebble.a(tmpAGzHFdpebble.o)
 .text.gpath_destroy
                0x0000000000000000        0xc /Users/chen/pebble-dev/PebbleSDK-2.3/Pebble/lib/libpebble.a(tmpAGzHFdpebble.o)
 .text.gpath_draw_filled
                0x0000000000000000        0xc /Users/chen/pebble-dev/PebbleSDK-2.3/Pebble/lib/libpebble.a(tmpAGzHFdpebble.o)
 .text.gpath_draw_outline
                0x0000000000000000        0xc /Users/chen/pebble-dev/PebbleSDK-2.3/Pebble/lib/libpebble.a(tmpAGzHFdpebble.o)
 .text.gpath_move_to
                0x0000000000000000        0xc /Users/chen/pebble-dev/PebbleSDK-2.3/Pebble/lib/libpebble.a(tmpAGzHFdpebble.o)
 .text.gpath_rotate_to
                0x0000000000000000        0xc /Users/chen/pebble-dev/PebbleSDK-2.3/Pebble/lib/libpebble.a(tmpAGzHFdpebble.o)
 .text.gpoint_equal
                0x0000000000000000        0xc /Users/chen/pebble-dev/PebbleSDK-2.3/Pebble/lib/libpebble.a(tmpAGzHFdpebble.o)
 .text.graphics_context_set_compositing_mode
                0x0000000000000000        0xc /Users/chen/pebble-dev/PebbleSDK-2.3/Pebble/lib/libpebble.a(tmpAGzHFdpebble.o)
 .text.graphics_context_set_fill_color
                0x0000000000000000        0xc /Users/chen/pebble-dev/PebbleSDK-2.3/Pebble/lib/libpebble.a(tmpAGzHFdpebble.o)
 .text.graphics_context_set_stroke_color
                0x0000000000000000        0xc /Users/chen/pebble-dev/PebbleSDK-2.3/Pebble/lib/libpebble.a(tmpAGzHFdpebble.o)
 .text.graphics_context_set_text_color
                0x0000000000000000        0xc /Users/chen/pebble-dev/PebbleSDK-2.3/Pebble/lib/libpebble.a(tmpAGzHFdpebble.o)
 .text.graphics_draw_bitmap_in_rect
                0x0000000000000000        0xc /Users/chen/pebble-dev/PebbleSDK-2.3/Pebble/lib/libpebble.a(tmpAGzHFdpebble.o)
 .text.graphics_draw_circle
                0x0000000000000000        0xc /Users/chen/pebble-dev/PebbleSDK-2.3/Pebble/lib/libpebble.a(tmpAGzHFdpebble.o)
 .text.graphics_draw_line
                0x0000000000000000        0xc /Users/chen/pebble-dev/PebbleSDK-2.3/Pebble/lib/libpebble.a(tmpAGzHFdpebble.o)
 .text.graphics_draw_pixel
                0x0000000000000000        0xc /Users/chen/pebble-dev/PebbleSDK-2.3/Pebble/lib/libpebble.a(tmpAGzHFdpebble.o)
 .text.graphics_draw_rect
                0x0000000000000000        0xc /Users/chen/pebble-dev/PebbleSDK-2.3/Pebble/lib/libpebble.a(tmpAGzHFdpebble.o)
 .text.graphics_draw_round_rect
                0x0000000000000000        0xc /Users/chen/pebble-dev/PebbleSDK-2.3/Pebble/lib/libpebble.a(tmpAGzHFdpebble.o)
 .text.graphics_fill_circle
                0x0000000000000000        0xc /Users/chen/pebble-dev/PebbleSDK-2.3/Pebble/lib/libpebble.a(tmpAGzHFdpebble.o)
 .text.graphics_fill_rect
                0x0000000000000000        0xc /Users/chen/pebble-dev/PebbleSDK-2.3/Pebble/lib/libpebble.a(tmpAGzHFdpebble.o)
 .text.graphics_text_layout_get_max_used_size
                0x0000000000000000        0xc /Users/chen/pebble-dev/PebbleSDK-2.3/Pebble/lib/libpebble.a(tmpAGzHFdpebble.o)
 .text.grect_align
                0x0000000000000000        0xc /Users/chen/pebble-dev/PebbleSDK-2.3/Pebble/lib/libpebble.a(tmpAGzHFdpebble.o)
 .text.grect_center_point
                0x0000000000000000        0xc /Users/chen/pebble-dev/PebbleSDK-2.3/Pebble/lib/libpebble.a(tmpAGzHFdpebble.o)
 .text.grect_clip
                0x0000000000000000        0xc /Users/chen/pebble-dev/PebbleSDK-2.3/Pebble/lib/libpebble.a(tmpAGzHFdpebble.o)
 .text.grect_contains_point
                0x0000000000000000        0xc /Users/chen/pebble-dev/PebbleSDK-2.3/Pebble/lib/libpebble.a(tmpAGzHFdpebble.o)
 .text.grect_crop
                0x0000000000000000        0xc /Users/chen/pebble-dev/PebbleSDK-2.3/Pebble/lib/libpebble.a(tmpAGzHFdpebble.o)
 .text.grect_equal
                0x0000000000000000        0xc /Users/chen/pebble-dev/PebbleSDK-2.3/Pebble/lib/libpebble.a(tmpAGzHFdpebble.o)
 .text.grect_is_empty
                0x0000000000000000        0xc /Users/chen/pebble-dev/PebbleSDK-2.3/Pebble/lib/libpebble.a(tmpAGzHFdpebble.o)
 .text.grect_standardize
                0x0000000000000000        0xc /Users/chen/pebble-dev/PebbleSDK-2.3/Pebble/lib/libpebble.a(tmpAGzHFdpebble.o)
 .text.gsize_equal
                0x0000000000000000        0xc /Users/chen/pebble-dev/PebbleSDK-2.3/Pebble/lib/libpebble.a(tmpAGzHFdpebble.o)
 .text.inverter_layer_create
                0x0000000000000000        0xc /Users/chen/pebble-dev/PebbleSDK-2.3/Pebble/lib/libpebble.a(tmpAGzHFdpebble.o)
 .text.inverter_layer_destroy
                0x0000000000000000        0xc /Users/chen/pebble-dev/PebbleSDK-2.3/Pebble/lib/libpebble.a(tmpAGzHFdpebble.o)
 .text.inverter_layer_get_layer
                0x0000000000000000        0xc /Users/chen/pebble-dev/PebbleSDK-2.3/Pebble/lib/libpebble.a(tmpAGzHFdpebble.o)
 .text.layer_create
                0x0000000000000000        0xc /Users/chen/pebble-dev/PebbleSDK-2.3/Pebble/lib/libpebble.a(tmpAGzHFdpebble.o)
 .text.layer_create_with_data
                0x0000000000000000        0xc /Users/chen/pebble-dev/PebbleSDK-2.3/Pebble/lib/libpebble.a(tmpAGzHFdpebble.o)
 .text.layer_destroy
                0x0000000000000000        0xc /Users/chen/pebble-dev/PebbleSDK-2.3/Pebble/lib/libpebble.a(tmpAGzHFdpebble.o)
 .text.layer_get_bounds
                0x0000000000000000        0xc /Users/chen/pebble-dev/PebbleSDK-2.3/Pebble/lib/libpebble.a(tmpAGzHFdpebble.o)
 .text.layer_get_clips
                0x0000000000000000        0xc /Users/chen/pebble-dev/PebbleSDK-2.3/Pebble/lib/libpebble.a(tmpAGzHFdpebble.o)
 .text.layer_get_data
                0x0000000000000000        0xc /Users/chen/pebble-dev/PebbleSDK-2.3/Pebble/lib/libpebble.a(tmpAGzHFdpebble.o)
 .text.layer_get_frame
                0x0000000000000000        0xc /Users/chen/pebble-dev/PebbleSDK-2.3/Pebble/lib/libpebble.a(tmpAGzHFdpebble.o)
 .text.layer_get_hidden
                0x0000000000000000        0xc /Users/chen/pebble-dev/PebbleSDK-2.3/Pebble/lib/libpebble.a(tmpAGzHFdpebble.o)
 .text.layer_get_window
                0x0000000000000000        0xc /Users/chen/pebble-dev/PebbleSDK-2.3/Pebble/lib/libpebble.a(tmpAGzHFdpebble.o)
 .text.layer_insert_above_sibling
                0x0000000000000000        0xc /Users/chen/pebble-dev/PebbleSDK-2.3/Pebble/lib/libpebble.a(tmpAGzHFdpebble.o)
 .text.layer_insert_below_sibling
                0x0000000000000000        0xc /Users/chen/pebble-dev/PebbleSDK-2.3/Pebble/lib/libpebble.a(tmpAGzHFdpebble.o)
 .text.layer_mark_dirty
                0x0000000000000000        0xc /Users/chen/pebble-dev/PebbleSDK-2.3/Pebble/lib/libpebble.a(tmpAGzHFdpebble.o)
 .text.layer_remove_child_layers
                0x0000000000000000        0xc /Users/chen/pebble-dev/PebbleSDK-2.3/Pebble/lib/libpebble.a(tmpAGzHFdpebble.o)
 .text.layer_remove_from_parent
                0x0000000000000000        0xc /Users/chen/pebble-dev/PebbleSDK-2.3/Pebble/lib/libpebble.a(tmpAGzHFdpebble.o)
 .text.layer_set_bounds
                0x0000000000000000        0xc /Users/chen/pebble-dev/PebbleSDK-2.3/Pebble/lib/libpebble.a(tmpAGzHFdpebble.o)
 .text.layer_set_clips
                0x0000000000000000        0xc /Users/chen/pebble-dev/PebbleSDK-2.3/Pebble/lib/libpebble.a(tmpAGzHFdpebble.o)
 .text.layer_set_frame
                0x0000000000000000        0xc /Users/chen/pebble-dev/PebbleSDK-2.3/Pebble/lib/libpebble.a(tmpAGzHFdpebble.o)
 .text.layer_set_hidden
                0x0000000000000000        0xc /Users/chen/pebble-dev/PebbleSDK-2.3/Pebble/lib/libpebble.a(tmpAGzHFdpebble.o)
 .text.layer_set_update_proc
                0x0000000000000000        0xc /Users/chen/pebble-dev/PebbleSDK-2.3/Pebble/lib/libpebble.a(tmpAGzHFdpebble.o)
 .text.light_enable
                0x0000000000000000        0xc /Users/chen/pebble-dev/PebbleSDK-2.3/Pebble/lib/libpebble.a(tmpAGzHFdpebble.o)
 .text.light_enable_interaction
                0x0000000000000000        0xc /Users/chen/pebble-dev/PebbleSDK-2.3/Pebble/lib/libpebble.a(tmpAGzHFdpebble.o)
 .text.localtime
                0x0000000000000000        0xc /Users/chen/pebble-dev/PebbleSDK-2.3/Pebble/lib/libpebble.a(tmpAGzHFdpebble.o)
 .text.malloc   0x0000000000000000        0xc /Users/chen/pebble-dev/PebbleSDK-2.3/Pebble/lib/libpebble.a(tmpAGzHFdpebble.o)
 .text.memcpy   0x0000000000000000        0xc /Users/chen/pebble-dev/PebbleSDK-2.3/Pebble/lib/libpebble.a(tmpAGzHFdpebble.o)
 .text.memmove  0x0000000000000000        0xc /Users/chen/pebble-dev/PebbleSDK-2.3/Pebble/lib/libpebble.a(tmpAGzHFdpebble.o)
 .text.menu_cell_basic_draw
                0x0000000000000000        0xc /Users/chen/pebble-dev/PebbleSDK-2.3/Pebble/lib/libpebble.a(tmpAGzHFdpebble.o)
 .text.menu_cell_basic_header_draw
                0x0000000000000000        0xc /Users/chen/pebble-dev/PebbleSDK-2.3/Pebble/lib/libpebble.a(tmpAGzHFdpebble.o)
 .text.menu_cell_title_draw
                0x0000000000000000        0xc /Users/chen/pebble-dev/PebbleSDK-2.3/Pebble/lib/libpebble.a(tmpAGzHFdpebble.o)
 .text.menu_index_compare
                0x0000000000000000        0xc /Users/chen/pebble-dev/PebbleSDK-2.3/Pebble/lib/libpebble.a(tmpAGzHFdpebble.o)
 .text.menu_layer_create
                0x0000000000000000        0xc /Users/chen/pebble-dev/PebbleSDK-2.3/Pebble/lib/libpebble.a(tmpAGzHFdpebble.o)
 .text.menu_layer_destroy
                0x0000000000000000        0xc /Users/chen/pebble-dev/PebbleSDK-2.3/Pebble/lib/libpebble.a(tmpAGzHFdpebble.o)
 .text.menu_layer_get_layer
                0x0000000000000000        0xc /Users/chen/pebble-dev/PebbleSDK-2.3/Pebble/lib/libpebble.a(tmpAGzHFdpebble.o)
 .text.menu_layer_get_scroll_layer
                0x0000000000000000        0xc /Users/chen/pebble-dev/PebbleSDK-2.3/Pebble/lib/libpebble.a(tmpAGzHFdpebble.o)
 .text.menu_layer_get_selected_index
                0x0000000000000000        0xc /Users/chen/pebble-dev/PebbleSDK-2.3/Pebble/lib/libpebble.a(tmpAGzHFdpebble.o)
 .text.menu_layer_reload_data
                0x0000000000000000        0xc /Users/chen/pebble-dev/PebbleSDK-2.3/Pebble/lib/libpebble.a(tmpAGzHFdpebble.o)
 .text.menu_layer_set_callbacks__deprecated
                0x0000000000000000        0xc /Users/chen/pebble-dev/PebbleSDK-2.3/Pebble/lib/libpebble.a(tmpAGzHFdpebble.o)
 .text.menu_layer_set_click_config_onto_window
                0x0000000000000000        0xc /Users/chen/pebble-dev/PebbleSDK-2.3/Pebble/lib/libpebble.a(tmpAGzHFdpebble.o)
 .text.menu_layer_set_selected_index
                0x0000000000000000        0xc /Users/chen/pebble-dev/PebbleSDK-2.3/Pebble/lib/libpebble.a(tmpAGzHFdpebble.o)
 .text.menu_layer_set_selected_next
                0x0000000000000000        0xc /Users/chen/pebble-dev/PebbleSDK-2.3/Pebble/lib/libpebble.a(tmpAGzHFdpebble.o)
 .text.number_window_create
                0x0000000000000000        0xc /Users/chen/pebble-dev/PebbleSDK-2.3/Pebble/lib/libpebble.a(tmpAGzHFdpebble.o)
 .text.number_window_destroy
                0x0000000000000000        0xc /Users/chen/pebble-dev/PebbleSDK-2.3/Pebble/lib/libpebble.a(tmpAGzHFdpebble.o)
 .text.number_window_get_value
                0x0000000000000000        0xc /Users/chen/pebble-dev/PebbleSDK-2.3/Pebble/lib/libpebble.a(tmpAGzHFdpebble.o)
 .text.number_window_set_label
                0x0000000000000000        0xc /Users/chen/pebble-dev/PebbleSDK-2.3/Pebble/lib/libpebble.a(tmpAGzHFdpebble.o)
 .text.number_window_set_max
                0x0000000000000000        0xc /Users/chen/pebble-dev/PebbleSDK-2.3/Pebble/lib/libpebble.a(tmpAGzHFdpebble.o)
 .text.number_window_set_min
                0x0000000000000000        0xc /Users/chen/pebble-dev/PebbleSDK-2.3/Pebble/lib/libpebble.a(tmpAGzHFdpebble.o)
 .text.number_window_set_step_size
                0x0000000000000000        0xc /Users/chen/pebble-dev/PebbleSDK-2.3/Pebble/lib/libpebble.a(tmpAGzHFdpebble.o)
 .text.number_window_set_value
                0x0000000000000000        0xc /Users/chen/pebble-dev/PebbleSDK-2.3/Pebble/lib/libpebble.a(tmpAGzHFdpebble.o)
 .text.persist_delete
                0x0000000000000000        0xc /Users/chen/pebble-dev/PebbleSDK-2.3/Pebble/lib/libpebble.a(tmpAGzHFdpebble.o)
 .text.persist_exists
                0x0000000000000000        0xc /Users/chen/pebble-dev/PebbleSDK-2.3/Pebble/lib/libpebble.a(tmpAGzHFdpebble.o)
 .text.persist_get_size
                0x0000000000000000        0xc /Users/chen/pebble-dev/PebbleSDK-2.3/Pebble/lib/libpebble.a(tmpAGzHFdpebble.o)
 .text.persist_read_bool
                0x0000000000000000        0xc /Users/chen/pebble-dev/PebbleSDK-2.3/Pebble/lib/libpebble.a(tmpAGzHFdpebble.o)
 .text.persist_read_data__deprecated
                0x0000000000000000        0xc /Users/chen/pebble-dev/PebbleSDK-2.3/Pebble/lib/libpebble.a(tmpAGzHFdpebble.o)
 .text.persist_read_int
                0x0000000000000000        0xc /Users/chen/pebble-dev/PebbleSDK-2.3/Pebble/lib/libpebble.a(tmpAGzHFdpebble.o)
 .text.persist_read_string__deprecated
                0x0000000000000000        0xc /Users/chen/pebble-dev/PebbleSDK-2.3/Pebble/lib/libpebble.a(tmpAGzHFdpebble.o)
 .text.persist_write_bool
                0x0000000000000000        0xc /Users/chen/pebble-dev/PebbleSDK-2.3/Pebble/lib/libpebble.a(tmpAGzHFdpebble.o)
 .text.persist_write_data__deprecated
                0x0000000000000000        0xc /Users/chen/pebble-dev/PebbleSDK-2.3/Pebble/lib/libpebble.a(tmpAGzHFdpebble.o)
 .text.persist_write_int
                0x0000000000000000        0xc /Users/chen/pebble-dev/PebbleSDK-2.3/Pebble/lib/libpebble.a(tmpAGzHFdpebble.o)
 .text.persist_write_string
                0x0000000000000000        0xc /Users/chen/pebble-dev/PebbleSDK-2.3/Pebble/lib/libpebble.a(tmpAGzHFdpebble.o)
 .text.property_animation_create
                0x0000000000000000        0xc /Users/chen/pebble-dev/PebbleSDK-2.3/Pebble/lib/libpebble.a(tmpAGzHFdpebble.o)
 .text.property_animation_create_layer_frame
                0x0000000000000000        0xc /Users/chen/pebble-dev/PebbleSDK-2.3/Pebble/lib/libpebble.a(tmpAGzHFdpebble.o)
 .text.property_animation_destroy
                0x0000000000000000        0xc /Users/chen/pebble-dev/PebbleSDK-2.3/Pebble/lib/libpebble.a(tmpAGzHFdpebble.o)
 .text.property_animation_update_gpoint
                0x0000000000000000        0xc /Users/chen/pebble-dev/PebbleSDK-2.3/Pebble/lib/libpebble.a(tmpAGzHFdpebble.o)
 .text.property_animation_update_grect
                0x0000000000000000        0xc /Users/chen/pebble-dev/PebbleSDK-2.3/Pebble/lib/libpebble.a(tmpAGzHFdpebble.o)
 .text.property_animation_update_int16
                0x0000000000000000        0xc /Users/chen/pebble-dev/PebbleSDK-2.3/Pebble/lib/libpebble.a(tmpAGzHFdpebble.o)
 .text.psleep   0x0000000000000000        0xc /Users/chen/pebble-dev/PebbleSDK-2.3/Pebble/lib/libpebble.a(tmpAGzHFdpebble.o)
 .text.rand     0x0000000000000000        0xc /Users/chen/pebble-dev/PebbleSDK-2.3/Pebble/lib/libpebble.a(tmpAGzHFdpebble.o)
 .text.resource_load
                0x0000000000000000        0xc /Users/chen/pebble-dev/PebbleSDK-2.3/Pebble/lib/libpebble.a(tmpAGzHFdpebble.o)
 .text.resource_load_byte_range
                0x0000000000000000        0xc /Users/chen/pebble-dev/PebbleSDK-2.3/Pebble/lib/libpebble.a(tmpAGzHFdpebble.o)
 .text.resource_size
                0x0000000000000000        0xc /Users/chen/pebble-dev/PebbleSDK-2.3/Pebble/lib/libpebble.a(tmpAGzHFdpebble.o)
 .text.rot_bitmap_layer_create
                0x0000000000000000        0xc /Users/chen/pebble-dev/PebbleSDK-2.3/Pebble/lib/libpebble.a(tmpAGzHFdpebble.o)
 .text.rot_bitmap_layer_destroy
                0x0000000000000000        0xc /Users/chen/pebble-dev/PebbleSDK-2.3/Pebble/lib/libpebble.a(tmpAGzHFdpebble.o)
 .text.rot_bitmap_layer_increment_angle
                0x0000000000000000        0xc /Users/chen/pebble-dev/PebbleSDK-2.3/Pebble/lib/libpebble.a(tmpAGzHFdpebble.o)
 .text.rot_bitmap_layer_set_angle
                0x0000000000000000        0xc /Users/chen/pebble-dev/PebbleSDK-2.3/Pebble/lib/libpebble.a(tmpAGzHFdpebble.o)
 .text.rot_bitmap_layer_set_corner_clip_color
                0x0000000000000000        0xc /Users/chen/pebble-dev/PebbleSDK-2.3/Pebble/lib/libpebble.a(tmpAGzHFdpebble.o)
 .text.rot_bitmap_set_compositing_mode
                0x0000000000000000        0xc /Users/chen/pebble-dev/PebbleSDK-2.3/Pebble/lib/libpebble.a(tmpAGzHFdpebble.o)
 .text.rot_bitmap_set_src_ic
                0x0000000000000000        0xc /Users/chen/pebble-dev/PebbleSDK-2.3/Pebble/lib/libpebble.a(tmpAGzHFdpebble.o)
 .text.scroll_layer_add_child
                0x0000000000000000        0xc /Users/chen/pebble-dev/PebbleSDK-2.3/Pebble/lib/libpebble.a(tmpAGzHFdpebble.o)
 .text.scroll_layer_create
                0x0000000000000000        0xc /Users/chen/pebble-dev/PebbleSDK-2.3/Pebble/lib/libpebble.a(tmpAGzHFdpebble.o)
 .text.scroll_layer_destroy
                0x0000000000000000        0xc /Users/chen/pebble-dev/PebbleSDK-2.3/Pebble/lib/libpebble.a(tmpAGzHFdpebble.o)
 .text.scroll_layer_get_content_offset
                0x0000000000000000        0xc /Users/chen/pebble-dev/PebbleSDK-2.3/Pebble/lib/libpebble.a(tmpAGzHFdpebble.o)
 .text.scroll_layer_get_content_size
                0x0000000000000000        0xc /Users/chen/pebble-dev/PebbleSDK-2.3/Pebble/lib/libpebble.a(tmpAGzHFdpebble.o)
 .text.scroll_layer_get_layer
                0x0000000000000000        0xc /Users/chen/pebble-dev/PebbleSDK-2.3/Pebble/lib/libpebble.a(tmpAGzHFdpebble.o)
 .text.scroll_layer_get_shadow_hidden
                0x0000000000000000        0xc /Users/chen/pebble-dev/PebbleSDK-2.3/Pebble/lib/libpebble.a(tmpAGzHFdpebble.o)
 .text.scroll_layer_scroll_down_click_handler
                0x0000000000000000        0xc /Users/chen/pebble-dev/PebbleSDK-2.3/Pebble/lib/libpebble.a(tmpAGzHFdpebble.o)
 .text.scroll_layer_scroll_up_click_handler
                0x0000000000000000        0xc /Users/chen/pebble-dev/PebbleSDK-2.3/Pebble/lib/libpebble.a(tmpAGzHFdpebble.o)
 .text.scroll_layer_set_callbacks
                0x0000000000000000        0xc /Users/chen/pebble-dev/PebbleSDK-2.3/Pebble/lib/libpebble.a(tmpAGzHFdpebble.o)
 .text.scroll_layer_set_click_config_onto_window
                0x0000000000000000        0xc /Users/chen/pebble-dev/PebbleSDK-2.3/Pebble/lib/libpebble.a(tmpAGzHFdpebble.o)
 .text.scroll_layer_set_content_offset
                0x0000000000000000        0xc /Users/chen/pebble-dev/PebbleSDK-2.3/Pebble/lib/libpebble.a(tmpAGzHFdpebble.o)
 .text.scroll_layer_set_content_size
                0x0000000000000000        0xc /Users/chen/pebble-dev/PebbleSDK-2.3/Pebble/lib/libpebble.a(tmpAGzHFdpebble.o)
 .text.scroll_layer_set_context
                0x0000000000000000        0xc /Users/chen/pebble-dev/PebbleSDK-2.3/Pebble/lib/libpebble.a(tmpAGzHFdpebble.o)
 .text.scroll_layer_set_frame
                0x0000000000000000        0xc /Users/chen/pebble-dev/PebbleSDK-2.3/Pebble/lib/libpebble.a(tmpAGzHFdpebble.o)
 .text.scroll_layer_set_shadow_hidden
                0x0000000000000000        0xc /Users/chen/pebble-dev/PebbleSDK-2.3/Pebble/lib/libpebble.a(tmpAGzHFdpebble.o)
 .text.simple_menu_layer_create
                0x0000000000000000        0xc /Users/chen/pebble-dev/PebbleSDK-2.3/Pebble/lib/libpebble.a(tmpAGzHFdpebble.o)
 .text.simple_menu_layer_destroy
                0x0000000000000000        0xc /Users/chen/pebble-dev/PebbleSDK-2.3/Pebble/lib/libpebble.a(tmpAGzHFdpebble.o)
 .text.simple_menu_layer_get_layer
                0x0000000000000000        0xc /Users/chen/pebble-dev/PebbleSDK-2.3/Pebble/lib/libpebble.a(tmpAGzHFdpebble.o)
 .text.simple_menu_layer_get_selected_index
                0x0000000000000000        0xc /Users/chen/pebble-dev/PebbleSDK-2.3/Pebble/lib/libpebble.a(tmpAGzHFdpebble.o)
 .text.simple_menu_layer_set_selected_index
                0x0000000000000000        0xc /Users/chen/pebble-dev/PebbleSDK-2.3/Pebble/lib/libpebble.a(tmpAGzHFdpebble.o)
 .text.sin_lookup
                0x0000000000000000        0xc /Users/chen/pebble-dev/PebbleSDK-2.3/Pebble/lib/libpebble.a(tmpAGzHFdpebble.o)
 .text.srand    0x0000000000000000        0xc /Users/chen/pebble-dev/PebbleSDK-2.3/Pebble/lib/libpebble.a(tmpAGzHFdpebble.o)
 .text.strcat   0x0000000000000000        0xc /Users/chen/pebble-dev/PebbleSDK-2.3/Pebble/lib/libpebble.a(tmpAGzHFdpebble.o)
 .text.strcmp   0x0000000000000000        0xc /Users/chen/pebble-dev/PebbleSDK-2.3/Pebble/lib/libpebble.a(tmpAGzHFdpebble.o)
 .text.strcpy   0x0000000000000000        0xc /Users/chen/pebble-dev/PebbleSDK-2.3/Pebble/lib/libpebble.a(tmpAGzHFdpebble.o)
 .text.strftime
                0x0000000000000000        0xc /Users/chen/pebble-dev/PebbleSDK-2.3/Pebble/lib/libpebble.a(tmpAGzHFdpebble.o)
 .text.strlen   0x0000000000000000        0xc /Users/chen/pebble-dev/PebbleSDK-2.3/Pebble/lib/libpebble.a(tmpAGzHFdpebble.o)
 .text.strncat  0x0000000000000000        0xc /Users/chen/pebble-dev/PebbleSDK-2.3/Pebble/lib/libpebble.a(tmpAGzHFdpebble.o)
 .text.strncmp  0x0000000000000000        0xc /Users/chen/pebble-dev/PebbleSDK-2.3/Pebble/lib/libpebble.a(tmpAGzHFdpebble.o)
 .text.strncpy  0x0000000000000000        0xc /Users/chen/pebble-dev/PebbleSDK-2.3/Pebble/lib/libpebble.a(tmpAGzHFdpebble.o)
 .text.text_layer_get_content_size
                0x0000000000000000        0xc /Users/chen/pebble-dev/PebbleSDK-2.3/Pebble/lib/libpebble.a(tmpAGzHFdpebble.o)
 .text.text_layer_get_text
                0x0000000000000000        0xc /Users/chen/pebble-dev/PebbleSDK-2.3/Pebble/lib/libpebble.a(tmpAGzHFdpebble.o)
 .text.text_layer_set_overflow_mode
                0x0000000000000000        0xc /Users/chen/pebble-dev/PebbleSDK-2.3/Pebble/lib/libpebble.a(tmpAGzHFdpebble.o)
 .text.text_layer_set_size
                0x0000000000000000        0xc /Users/chen/pebble-dev/PebbleSDK-2.3/Pebble/lib/libpebble.a(tmpAGzHFdpebble.o)
 .text.tick_timer_service_subscribe
                0x0000000000000000        0xc /Users/chen/pebble-dev/PebbleSDK-2.3/Pebble/lib/libpebble.a(tmpAGzHFdpebble.o)
 .text.tick_timer_service_unsubscribe
                0x0000000000000000        0xc /Users/chen/pebble-dev/PebbleSDK-2.3/Pebble/lib/libpebble.a(tmpAGzHFdpebble.o)
 .text.time     0x0000000000000000        0xc /Users/chen/pebble-dev/PebbleSDK-2.3/Pebble/lib/libpebble.a(tmpAGzHFdpebble.o)
 .text.time_ms  0x0000000000000000        0xc /Users/chen/pebble-dev/PebbleSDK-2.3/Pebble/lib/libpebble.a(tmpAGzHFdpebble.o)
 .text.vibes_cancel
                0x0000000000000000        0xc /Users/chen/pebble-dev/PebbleSDK-2.3/Pebble/lib/libpebble.a(tmpAGzHFdpebble.o)
 .text.vibes_double_pulse
                0x0000000000000000        0xc /Users/chen/pebble-dev/PebbleSDK-2.3/Pebble/lib/libpebble.a(tmpAGzHFdpebble.o)
 .text.vibes_enqueue_custom_pattern
                0x0000000000000000        0xc /Users/chen/pebble-dev/PebbleSDK-2.3/Pebble/lib/libpebble.a(tmpAGzHFdpebble.o)
 .text.vibes_long_pulse
                0x0000000000000000        0xc /Users/chen/pebble-dev/PebbleSDK-2.3/Pebble/lib/libpebble.a(tmpAGzHFdpebble.o)
 .text.vibes_short_pulse
                0x0000000000000000        0xc /Users/chen/pebble-dev/PebbleSDK-2.3/Pebble/lib/libpebble.a(tmpAGzHFdpebble.o)
 .text.window_get_click_config_provider
                0x0000000000000000        0xc /Users/chen/pebble-dev/PebbleSDK-2.3/Pebble/lib/libpebble.a(tmpAGzHFdpebble.o)
 .text.window_get_fullscreen
                0x0000000000000000        0xc /Users/chen/pebble-dev/PebbleSDK-2.3/Pebble/lib/libpebble.a(tmpAGzHFdpebble.o)
 .text.window_is_loaded
                0x0000000000000000        0xc /Users/chen/pebble-dev/PebbleSDK-2.3/Pebble/lib/libpebble.a(tmpAGzHFdpebble.o)
 .text.window_set_background_color
                0x0000000000000000        0xc /Users/chen/pebble-dev/PebbleSDK-2.3/Pebble/lib/libpebble.a(tmpAGzHFdpebble.o)
 .text.window_set_click_config_provider
                0x0000000000000000        0xc /Users/chen/pebble-dev/PebbleSDK-2.3/Pebble/lib/libpebble.a(tmpAGzHFdpebble.o)
 .text.window_set_click_config_provider_with_context
                0x0000000000000000        0xc /Users/chen/pebble-dev/PebbleSDK-2.3/Pebble/lib/libpebble.a(tmpAGzHFdpebble.o)
 .text.window_set_fullscreen
                0x0000000000000000        0xc /Users/chen/pebble-dev/PebbleSDK-2.3/Pebble/lib/libpebble.a(tmpAGzHFdpebble.o)
 .text.window_set_status_bar_icon
                0x0000000000000000        0xc /Users/chen/pebble-dev/PebbleSDK-2.3/Pebble/lib/libpebble.a(tmpAGzHFdpebble.o)
 .text.window_stack_contains_window
                0x0000000000000000        0xc /Users/chen/pebble-dev/PebbleSDK-2.3/Pebble/lib/libpebble.a(tmpAGzHFdpebble.o)
 .text.window_stack_get_top_window
                0x0000000000000000        0xc /Users/chen/pebble-dev/PebbleSDK-2.3/Pebble/lib/libpebble.a(tmpAGzHFdpebble.o)
 .text.window_stack_pop
                0x0000000000000000        0xc /Users/chen/pebble-dev/PebbleSDK-2.3/Pebble/lib/libpebble.a(tmpAGzHFdpebble.o)
 .text.window_stack_pop_all
                0x0000000000000000        0xc /Users/chen/pebble-dev/PebbleSDK-2.3/Pebble/lib/libpebble.a(tmpAGzHFdpebble.o)
 .text.window_stack_remove
                0x0000000000000000        0xc /Users/chen/pebble-dev/PebbleSDK-2.3/Pebble/lib/libpebble.a(tmpAGzHFdpebble.o)
 .text.app_focus_service_subscribe
                0x0000000000000000        0xc /Users/chen/pebble-dev/PebbleSDK-2.3/Pebble/lib/libpebble.a(tmpAGzHFdpebble.o)
 .text.app_focus_service_unsubscribe
                0x0000000000000000        0xc /Users/chen/pebble-dev/PebbleSDK-2.3/Pebble/lib/libpebble.a(tmpAGzHFdpebble.o)
 .text.window_get_user_data
                0x0000000000000000        0xc /Users/chen/pebble-dev/PebbleSDK-2.3/Pebble/lib/libpebble.a(tmpAGzHFdpebble.o)
 .text.window_set_user_data
                0x0000000000000000        0xc /Users/chen/pebble-dev/PebbleSDK-2.3/Pebble/lib/libpebble.a(tmpAGzHFdpebble.o)
 .text.app_message_get_context
                0x0000000000000000        0xc /Users/chen/pebble-dev/PebbleSDK-2.3/Pebble/lib/libpebble.a(tmpAGzHFdpebble.o)
 .text.app_message_set_context
                0x0000000000000000        0xc /Users/chen/pebble-dev/PebbleSDK-2.3/Pebble/lib/libpebble.a(tmpAGzHFdpebble.o)
 .text.window_long_click_subscribe
                0x0000000000000000        0xc /Users/chen/pebble-dev/PebbleSDK-2.3/Pebble/lib/libpebble.a(tmpAGzHFdpebble.o)
 .text.window_multi_click_subscribe
                0x0000000000000000        0xc /Users/chen/pebble-dev/PebbleSDK-2.3/Pebble/lib/libpebble.a(tmpAGzHFdpebble.o)
 .text.window_raw_click_subscribe
                0x0000000000000000        0xc /Users/chen/pebble-dev/PebbleSDK-2.3/Pebble/lib/libpebble.a(tmpAGzHFdpebble.o)
 .text.window_set_click_context
                0x0000000000000000        0xc /Users/chen/pebble-dev/PebbleSDK-2.3/Pebble/lib/libpebble.a(tmpAGzHFdpebble.o)
 .text.window_single_click_subscribe
                0x0000000000000000        0xc /Users/chen/pebble-dev/PebbleSDK-2.3/Pebble/lib/libpebble.a(tmpAGzHFdpebble.o)
 .text.window_single_repeating_click_subscribe
                0x0000000000000000        0xc /Users/chen/pebble-dev/PebbleSDK-2.3/Pebble/lib/libpebble.a(tmpAGzHFdpebble.o)
 .text.graphics_draw_text
                0x0000000000000000        0xc /Users/chen/pebble-dev/PebbleSDK-2.3/Pebble/lib/libpebble.a(tmpAGzHFdpebble.o)
 .text.dict_serialize_tuplets_to_buffer
                0x0000000000000000        0xc /Users/chen/pebble-dev/PebbleSDK-2.3/Pebble/lib/libpebble.a(tmpAGzHFdpebble.o)
 .text.persist_read_data
                0x0000000000000000        0xc /Users/chen/pebble-dev/PebbleSDK-2.3/Pebble/lib/libpebble.a(tmpAGzHFdpebble.o)
 .text.persist_read_string
                0x0000000000000000        0xc /Users/chen/pebble-dev/PebbleSDK-2.3/Pebble/lib/libpebble.a(tmpAGzHFdpebble.o)
 .text.persist_write_data
                0x0000000000000000        0xc /Users/chen/pebble-dev/PebbleSDK-2.3/Pebble/lib/libpebble.a(tmpAGzHFdpebble.o)
 .text.dict_size
                0x0000000000000000        0xc /Users/chen/pebble-dev/PebbleSDK-2.3/Pebble/lib/libpebble.a(tmpAGzHFdpebble.o)
 .text.graphics_text_layout_get_content_size
                0x0000000000000000        0xc /Users/chen/pebble-dev/PebbleSDK-2.3/Pebble/lib/libpebble.a(tmpAGzHFdpebble.o)
 .text.simple_menu_layer_get_menu_layer
                0x0000000000000000        0xc /Users/chen/pebble-dev/PebbleSDK-2.3/Pebble/lib/libpebble.a(tmpAGzHFdpebble.o)
 .text.calloc   0x0000000000000000        0xc /Users/chen/pebble-dev/PebbleSDK-2.3/Pebble/lib/libpebble.a(tmpAGzHFdpebble.o)
 .text.bitmap_layer_get_bitmap
                0x0000000000000000        0xc /Users/chen/pebble-dev/PebbleSDK-2.3/Pebble/lib/libpebble.a(tmpAGzHFdpebble.o)
 .text.menu_layer_set_callbacks
                0x0000000000000000        0xc /Users/chen/pebble-dev/PebbleSDK-2.3/Pebble/lib/libpebble.a(tmpAGzHFdpebble.o)
 .text.window_get_click_config_context
                0x0000000000000000        0xc /Users/chen/pebble-dev/PebbleSDK-2.3/Pebble/lib/libpebble.a(tmpAGzHFdpebble.o)
 .text          0x0000000000000000        0x0 /Users/chen/pebble-dev/PebbleSDK-2.3/arm-cs-tools/bin/../lib/gcc/arm-none-eabi/4.7.2/thumb2/crtend.o
 .bss           0x0000000000000000        0x0 /Users/chen/pebble-dev/PebbleSDK-2.3/arm-cs-tools/bin/../lib/gcc/arm-none-eabi/4.7.2/thumb2/crtend.o
 .eh_frame      0x0000000000000000        0x4 /Users/chen/pebble-dev/PebbleSDK-2.3/arm-cs-tools/bin/../lib/gcc/arm-none-eabi/4.7.2/thumb2/crtend.o
 .jcr           0x0000000000000000        0x4 /Users/chen/pebble-dev/PebbleSDK-2.3/arm-cs-tools/bin/../lib/gcc/arm-none-eabi/4.7.2/thumb2/crtend.o
 .tm_clone_table
                0x0000000000000000        0x0 /Users/chen/pebble-dev/PebbleSDK-2.3/arm-cs-tools/bin/../lib/gcc/arm-none-eabi/4.7.2/thumb2/crtend.o
 .text          0x0000000000000000        0x0 /Users/chen/pebble-dev/PebbleSDK-2.3/arm-cs-tools/bin/../lib/gcc/arm-none-eabi/4.7.2/thumb2/crtn.o
 .bss           0x0000000000000000        0x0 /Users/chen/pebble-dev/PebbleSDK-2.3/arm-cs-tools/bin/../lib/gcc/arm-none-eabi/4.7.2/thumb2/crtn.o
 .init          0x0000000000000000        0x8 /Users/chen/pebble-dev/PebbleSDK-2.3/arm-cs-tools/bin/../lib/gcc/arm-none-eabi/4.7.2/thumb2/crtn.o
 .fini          0x0000000000000000        0x8 /Users/chen/pebble-dev/PebbleSDK-2.3/arm-cs-tools/bin/../lib/gcc/arm-none-eabi/4.7.2/thumb2/crtn.o

Memory Configuration

Name             Origin             Length             Attributes
APP              0x0000000000000000 0x0000000000006000 xrw
*default*        0x0000000000000000 0xffffffffffffffff

Linker script and memory map

LOAD /Users/chen/pebble-dev/PebbleSDK-2.3/arm-cs-tools/bin/../lib/gcc/arm-none-eabi/4.7.2/thumb2/crti.o
LOAD /Users/chen/pebble-dev/PebbleSDK-2.3/arm-cs-tools/bin/../lib/gcc/arm-none-eabi/4.7.2/thumb2/crtbegin.o
LOAD src/accelstream.c.7.o
LOAD src/cl_util.c.7.o
LOAD appinfo.auto.c.7.o
LOAD /Users/chen/pebble-dev/PebbleSDK-2.3/Pebble/lib/libpebble.a
START GROUP
LOAD /Users/chen/pebble-dev/PebbleSDK-2.3/arm-cs-tools/bin/../lib/gcc/arm-none-eabi/4.7.2/thumb2/libgcc.a
LOAD /Users/chen/pebble-dev/PebbleSDK-2.3/arm-cs-tools/bin/../lib/gcc/arm-none-eabi/4.7.2/../../../../arm-none-eabi/lib/thumb2/libc.a
END GROUP
LOAD /Users/chen/pebble-dev/PebbleSDK-2.3/arm-cs-tools/bin/../lib/gcc/arm-none-eabi/4.7.2/thumb2/crtend.o
LOAD /Users/chen/pebble-dev/PebbleSDK-2.3/arm-cs-tools/bin/../lib/gcc/arm-none-eabi/4.7.2/thumb2/crtn.o

.header         0x0000000000000000       0x82
 *(.pbl_header)
 .pbl_header    0x0000000000000000       0x82 appinfo.auto.c.7.o
                0x0000000000000000                __pbl_app_info

.text           0x0000000000000084      0x7fe
 *(.text)
 .text          0x0000000000000084       0x14 /Users/chen/pebble-dev/PebbleSDK-2.3/Pebble/lib/libpebble.a(tmpAGzHFdpebble.o)
 *(.text.*)
 .text.out_sent_handler
                0x0000000000000098        0x2 src/accelstream.c.7.o
 .text.out_failed_handler
                0x000000000000009a        0x6 src/accelstream.c.7.o
 .text.in_dropped_handler
                0x00000000000000a0        0x4 src/accelstream.c.7.o
 .text.send_next_data
                0x00000000000000a4       0x8c src/accelstream.c.7.o
 .text.accel_new_data
                0x0000000000000130       0x38 src/accelstream.c.7.o
 .text.window_unload
                0x0000000000000168       0x30 src/accelstream.c.7.o
 .text.window_load
                0x0000000000000198       0xf4 src/accelstream.c.7.o
 .text.in_received_handler
                0x000000000000028c       0x60 src/accelstream.c.7.o
 .text.startup.main
                0x00000000000002ec      0x100 src/accelstream.c.7.o
                0x00000000000002ec                main
 .text.cl_set_debug
                0x00000000000003ec        0xc src/cl_util.c.7.o
                0x00000000000003ec                cl_set_debug
 .text.cl_init_text_layer
                0x00000000000003f8       0x50 src/cl_util.c.7.o
                0x00000000000003f8                cl_init_text_layer
 .text.cl_applog
                0x0000000000000448       0x14 src/cl_util.c.7.o
                0x0000000000000448                cl_applog
 .text.cl_interpret_message_result
                0x000000000000045c       0xb4 src/cl_util.c.7.o
                0x000000000000045c                cl_interpret_message_result
 .text.accel_data_service_unsubscribe
                0x0000000000000510        0xc /Users/chen/pebble-dev/PebbleSDK-2.3/Pebble/lib/libpebble.a(tmpAGzHFdpebble.o)
                0x0000000000000510                accel_data_service_unsubscribe
 .text.accel_service_set_sampling_rate
                0x000000000000051c        0xc /Users/chen/pebble-dev/PebbleSDK-2.3/Pebble/lib/libpebble.a(tmpAGzHFdpebble.o)
                0x000000000000051c                accel_service_set_sampling_rate
 .text.app_comm_set_sniff_interval
                0x0000000000000528        0xc /Users/chen/pebble-dev/PebbleSDK-2.3/Pebble/lib/libpebble.a(tmpAGzHFdpebble.o)
                0x0000000000000528                app_comm_set_sniff_interval
 .text.app_event_loop
                0x0000000000000534        0xc /Users/chen/pebble-dev/PebbleSDK-2.3/Pebble/lib/libpebble.a(tmpAGzHFdpebble.o)
                0x0000000000000534                app_event_loop
 .text.app_log  0x0000000000000540        0xc /Users/chen/pebble-dev/PebbleSDK-2.3/Pebble/lib/libpebble.a(tmpAGzHFdpebble.o)
                0x0000000000000540                app_log
 .text.app_message_open
                0x000000000000054c        0xc /Users/chen/pebble-dev/PebbleSDK-2.3/Pebble/lib/libpebble.a(tmpAGzHFdpebble.o)
                0x000000000000054c                app_message_open
 .text.battery_state_service_peek
                0x0000000000000558        0xc /Users/chen/pebble-dev/PebbleSDK-2.3/Pebble/lib/libpebble.a(tmpAGzHFdpebble.o)
                0x0000000000000558                battery_state_service_peek
 .text.dict_read_first
                0x0000000000000564        0xc /Users/chen/pebble-dev/PebbleSDK-2.3/Pebble/lib/libpebble.a(tmpAGzHFdpebble.o)
                0x0000000000000564                dict_read_first
 .text.dict_read_next
                0x0000000000000570        0xc /Users/chen/pebble-dev/PebbleSDK-2.3/Pebble/lib/libpebble.a(tmpAGzHFdpebble.o)
                0x0000000000000570                dict_read_next
 .text.dict_write_tuplet
                0x000000000000057c        0xc /Users/chen/pebble-dev/PebbleSDK-2.3/Pebble/lib/libpebble.a(tmpAGzHFdpebble.o)
                0x000000000000057c                dict_write_tuplet
 .text.fonts_get_system_font
                0x0000000000000588        0xc /Users/chen/pebble-dev/PebbleSDK-2.3/Pebble/lib/libpebble.a(tmpAGzHFdpebble.o)
                0x0000000000000588                fonts_get_system_font
 .text.fonts_load_custom_font
                0x0000000000000594        0xc /Users/chen/pebble-dev/PebbleSDK-2.3/Pebble/lib/libpebble.a(tmpAGzHFdpebble.o)
                0x0000000000000594                fonts_load_custom_font
 .text.layer_add_child
                0x00000000000005a0        0xc /Users/chen/pebble-dev/PebbleSDK-2.3/Pebble/lib/libpebble.a(tmpAGzHFdpebble.o)
                0x00000000000005a0                layer_add_child
 .text.memset   0x00000000000005ac        0xc /Users/chen/pebble-dev/PebbleSDK-2.3/Pebble/lib/libpebble.a(tmpAGzHFdpebble.o)
                0x00000000000005ac                memset
 .text.resource_get_handle
                0x00000000000005b8        0xc /Users/chen/pebble-dev/PebbleSDK-2.3/Pebble/lib/libpebble.a(tmpAGzHFdpebble.o)
                0x00000000000005b8                resource_get_handle
 .text.snprintf
                0x00000000000005c4        0xc /Users/chen/pebble-dev/PebbleSDK-2.3/Pebble/lib/libpebble.a(tmpAGzHFdpebble.o)
                0x00000000000005c4                snprintf
 .text.text_layer_create
                0x00000000000005d0        0xc /Users/chen/pebble-dev/PebbleSDK-2.3/Pebble/lib/libpebble.a(tmpAGzHFdpebble.o)
                0x00000000000005d0                text_layer_create
 .text.text_layer_destroy
                0x00000000000005dc        0xc /Users/chen/pebble-dev/PebbleSDK-2.3/Pebble/lib/libpebble.a(tmpAGzHFdpebble.o)
                0x00000000000005dc                text_layer_destroy
 .text.text_layer_get_layer
                0x00000000000005e8        0xc /Users/chen/pebble-dev/PebbleSDK-2.3/Pebble/lib/libpebble.a(tmpAGzHFdpebble.o)
                0x00000000000005e8                text_layer_get_layer
 .text.text_layer_set_background_color
                0x00000000000005f4        0xc /Users/chen/pebble-dev/PebbleSDK-2.3/Pebble/lib/libpebble.a(tmpAGzHFdpebble.o)
                0x00000000000005f4                text_layer_set_background_color
 .text.text_layer_set_font
                0x0000000000000600        0xc /Users/chen/pebble-dev/PebbleSDK-2.3/Pebble/lib/libpebble.a(tmpAGzHFdpebble.o)
                0x0000000000000600                text_layer_set_font
 .text.text_layer_set_text
                0x000000000000060c        0xc /Users/chen/pebble-dev/PebbleSDK-2.3/Pebble/lib/libpebble.a(tmpAGzHFdpebble.o)
                0x000000000000060c                text_layer_set_text
 .text.text_layer_set_text_alignment
                0x0000000000000618        0xc /Users/chen/pebble-dev/PebbleSDK-2.3/Pebble/lib/libpebble.a(tmpAGzHFdpebble.o)
                0x0000000000000618                text_layer_set_text_alignment
 .text.text_layer_set_text_color
                0x0000000000000624        0xc /Users/chen/pebble-dev/PebbleSDK-2.3/Pebble/lib/libpebble.a(tmpAGzHFdpebble.o)
                0x0000000000000624                text_layer_set_text_color
 .text.window_create
                0x0000000000000630        0xc /Users/chen/pebble-dev/PebbleSDK-2.3/Pebble/lib/libpebble.a(tmpAGzHFdpebble.o)
                0x0000000000000630                window_create
 .text.window_destroy
                0x000000000000063c        0xc /Users/chen/pebble-dev/PebbleSDK-2.3/Pebble/lib/libpebble.a(tmpAGzHFdpebble.o)
                0x000000000000063c                window_destroy
 .text.window_get_root_layer
                0x0000000000000648        0xc /Users/chen/pebble-dev/PebbleSDK-2.3/Pebble/lib/libpebble.a(tmpAGzHFdpebble.o)
                0x0000000000000648                window_get_root_layer
 .text.window_set_window_handlers
                0x0000000000000654        0xc /Users/chen/pebble-dev/PebbleSDK-2.3/Pebble/lib/libpebble.a(tmpAGzHFdpebble.o)
                0x0000000000000654                window_set_window_handlers
 .text.window_stack_push
                0x0000000000000660        0xc /Users/chen/pebble-dev/PebbleSDK-2.3/Pebble/lib/libpebble.a(tmpAGzHFdpebble.o)
                0x0000000000000660                window_stack_push
 .text.app_message_inbox_size_maximum
                0x000000000000066c        0xc /Users/chen/pebble-dev/PebbleSDK-2.3/Pebble/lib/libpebble.a(tmpAGzHFdpebble.o)
                0x000000000000066c                app_message_inbox_size_maximum
 .text.app_message_outbox_begin
                0x0000000000000678        0xc /Users/chen/pebble-dev/PebbleSDK-2.3/Pebble/lib/libpebble.a(tmpAGzHFdpebble.o)
                0x0000000000000678                app_message_outbox_begin
 .text.app_message_outbox_send
                0x0000000000000684        0xc /Users/chen/pebble-dev/PebbleSDK-2.3/Pebble/lib/libpebble.a(tmpAGzHFdpebble.o)
                0x0000000000000684                app_message_outbox_send
 .text.app_message_outbox_size_maximum
                0x0000000000000690        0xc /Users/chen/pebble-dev/PebbleSDK-2.3/Pebble/lib/libpebble.a(tmpAGzHFdpebble.o)
                0x0000000000000690                app_message_outbox_size_maximum
 .text.app_message_register_inbox_dropped
                0x000000000000069c        0xc /Users/chen/pebble-dev/PebbleSDK-2.3/Pebble/lib/libpebble.a(tmpAGzHFdpebble.o)
                0x000000000000069c                app_message_register_inbox_dropped
 .text.app_message_register_inbox_received
                0x00000000000006a8        0xc /Users/chen/pebble-dev/PebbleSDK-2.3/Pebble/lib/libpebble.a(tmpAGzHFdpebble.o)
                0x00000000000006a8                app_message_register_inbox_received
 .text.app_message_register_outbox_failed
                0x00000000000006b4        0xc /Users/chen/pebble-dev/PebbleSDK-2.3/Pebble/lib/libpebble.a(tmpAGzHFdpebble.o)
                0x00000000000006b4                app_message_register_outbox_failed
 .text.app_message_register_outbox_sent
                0x00000000000006c0        0xc /Users/chen/pebble-dev/PebbleSDK-2.3/Pebble/lib/libpebble.a(tmpAGzHFdpebble.o)
                0x00000000000006c0                app_message_register_outbox_sent
 .text.accel_data_service_subscribe
                0x00000000000006cc        0xc /Users/chen/pebble-dev/PebbleSDK-2.3/Pebble/lib/libpebble.a(tmpAGzHFdpebble.o)
                0x00000000000006cc                accel_data_service_subscribe
 *(.rodata)
 .rodata        0x00000000000006d8       0x18 src/accelstream.c.7.o
 *(.rodata*)
 .rodata.str1.1
                0x00000000000006f0       0x62 src/accelstream.c.7.o
 .rodata.str1.1
                0x0000000000000752      0x130 src/cl_util.c.7.o

.glue_7         0x0000000000000884        0x0
 .glue_7        0x0000000000000000        0x0 linker stubs

.glue_7t        0x0000000000000884        0x0
 .glue_7t       0x0000000000000000        0x0 linker stubs

.vfp11_veneer   0x0000000000000884        0x0
 .vfp11_veneer  0x0000000000000000        0x0 linker stubs

.v4_bx          0x0000000000000884        0x0
 .v4_bx         0x0000000000000000        0x0 linker stubs

.iplt           0x0000000000000884        0x0
 .iplt          0x0000000000000000        0x0 /Users/chen/pebble-dev/PebbleSDK-2.3/arm-cs-tools/bin/../lib/gcc/arm-none-eabi/4.7.2/thumb2/crtbegin.o

.rel.dyn        0x0000000000000884        0x0
 .rel.iplt      0x0000000000000000        0x0 /Users/chen/pebble-dev/PebbleSDK-2.3/arm-cs-tools/bin/../lib/gcc/arm-none-eabi/4.7.2/thumb2/crtbegin.o

.data           0x0000000000000884        0x4
 *(.data)
 .data          0x0000000000000884        0x0 /Users/chen/pebble-dev/PebbleSDK-2.3/arm-cs-tools/bin/../lib/gcc/arm-none-eabi/4.7.2/thumb2/crti.o
 .data          0x0000000000000884        0x4 /Users/chen/pebble-dev/PebbleSDK-2.3/arm-cs-tools/bin/../lib/gcc/arm-none-eabi/4.7.2/thumb2/crtbegin.o
                0x0000000000000884                __dso_handle
 .data          0x0000000000000888        0x0 src/accelstream.c.7.o
 .data          0x0000000000000888        0x0 src/cl_util.c.7.o
 .data          0x0000000000000888        0x0 appinfo.auto.c.7.o
 .data          0x0000000000000888        0x0 /Users/chen/pebble-dev/PebbleSDK-2.3/Pebble/lib/libpebble.a(tmpAGzHFdpebble.o)
 .data          0x0000000000000888        0x0 /Users/chen/pebble-dev/PebbleSDK-2.3/arm-cs-tools/bin/../lib/gcc/arm-none-eabi/4.7.2/thumb2/crtend.o
 .data          0x0000000000000888        0x0 /Users/chen/pebble-dev/PebbleSDK-2.3/arm-cs-tools/bin/../lib/gcc/arm-none-eabi/4.7.2/thumb2/crtn.o
 *(.data.*)

.igot.plt       0x0000000000000888        0x0
 .igot.plt      0x0000000000000000        0x0 /Users/chen/pebble-dev/PebbleSDK-2.3/arm-cs-tools/bin/../lib/gcc/arm-none-eabi/4.7.2/thumb2/crtbegin.o

.bss            0x0000000000000888       0xc5
 *(.bss)
 *(.bss.*)
 .bss.z_layer   0x0000000000000888        0x4 src/accelstream.c.7.o
 .bss.latest_data
                0x000000000000088c       0xb4 src/accelstream.c.7.o
 .bss.x_layer   0x0000000000000940        0x4 src/accelstream.c.7.o
 .bss.y_layer   0x0000000000000944        0x4 src/accelstream.c.7.o
 .bss.window    0x0000000000000948        0x4 src/accelstream.c.7.o
 .bss.CL_DEBUG  0x000000000000094c        0x1 src/cl_util.c.7.o

DISCARD
 libc.a(*)
 libm.a(*)
 libgcc.a(*)
 *(.eh_frame)
OUTPUT(/Users/chen/Google Drive/BodyHarvester/Pebble/accelstream-pebble/build/pebble-app.elf elf32-littlearm)

.ARM.attributes
                0x0000000000000000       0x27
 .ARM.attributes
                0x0000000000000000       0x19 /Users/chen/pebble-dev/PebbleSDK-2.3/arm-cs-tools/bin/../lib/gcc/arm-none-eabi/4.7.2/thumb2/crti.o
 .ARM.attributes
                0x0000000000000019       0x29 /Users/chen/pebble-dev/PebbleSDK-2.3/arm-cs-tools/bin/../lib/gcc/arm-none-eabi/4.7.2/thumb2/crtbegin.o
 .ARM.attributes
                0x0000000000000042       0x33 src/accelstream.c.7.o
 .ARM.attributes
                0x0000000000000075       0x33 src/cl_util.c.7.o
 .ARM.attributes
                0x00000000000000a8       0x33 appinfo.auto.c.7.o
 .ARM.attributes
                0x00000000000000db       0x21 /Users/chen/pebble-dev/PebbleSDK-2.3/Pebble/lib/libpebble.a(tmpAGzHFdpebble.o)
 .ARM.attributes
                0x00000000000000fc       0x29 /Users/chen/pebble-dev/PebbleSDK-2.3/arm-cs-tools/bin/../lib/gcc/arm-none-eabi/4.7.2/thumb2/crtend.o
 .ARM.attributes
                0x0000000000000125       0x19 /Users/chen/pebble-dev/PebbleSDK-2.3/arm-cs-tools/bin/../lib/gcc/arm-none-eabi/4.7.2/thumb2/crtn.o

.comment        0x0000000000000000       0x4e
 .comment       0x0000000000000000       0x4e /Users/chen/pebble-dev/PebbleSDK-2.3/arm-cs-tools/bin/../lib/gcc/arm-none-eabi/4.7.2/thumb2/crtbegin.o
                                         0x4f (size before relaxing)
 .comment       0x0000000000000000       0x4f src/accelstream.c.7.o
 .comment       0x0000000000000000       0x4f src/cl_util.c.7.o
 .comment       0x0000000000000000       0x4f appinfo.auto.c.7.o
 .comment       0x0000000000000000       0x4f /Users/chen/pebble-dev/PebbleSDK-2.3/arm-cs-tools/bin/../lib/gcc/arm-none-eabi/4.7.2/thumb2/crtend.o

.debug_info     0x0000000000000000     0x2659
 .debug_info    0x0000000000000000     0x1246 src/accelstream.c.7.o
 .debug_info    0x0000000000001246     0x10e7 src/cl_util.c.7.o
 .debug_info    0x000000000000232d      0x32c appinfo.auto.c.7.o

.debug_abbrev   0x0000000000000000      0x722
 .debug_abbrev  0x0000000000000000      0x367 src/accelstream.c.7.o
 .debug_abbrev  0x0000000000000367      0x307 src/cl_util.c.7.o
 .debug_abbrev  0x000000000000066e       0xb4 appinfo.auto.c.7.o

.debug_loc      0x0000000000000000      0x86b
 .debug_loc     0x0000000000000000      0x372 src/accelstream.c.7.o
 .debug_loc     0x0000000000000372      0x4f9 src/cl_util.c.7.o

.debug_aranges  0x0000000000000000       0xe8
 .debug_aranges
                0x0000000000000000       0x60 src/accelstream.c.7.o
 .debug_aranges
                0x0000000000000060       0x70 src/cl_util.c.7.o
 .debug_aranges
                0x00000000000000d0       0x18 appinfo.auto.c.7.o

.debug_ranges   0x0000000000000000      0x120
 .debug_ranges  0x0000000000000000       0xa8 src/accelstream.c.7.o
 .debug_ranges  0x00000000000000a8       0x78 src/cl_util.c.7.o

.debug_line     0x0000000000000000      0x701
 .debug_line    0x0000000000000000      0x327 src/accelstream.c.7.o
 .debug_line    0x0000000000000327      0x2c4 src/cl_util.c.7.o
 .debug_line    0x00000000000005eb      0x116 appinfo.auto.c.7.o

.debug_str      0x0000000000000000      0xff3
 .debug_str     0x0000000000000000      0x9df src/accelstream.c.7.o
                                        0xa9a (size before relaxing)
 .debug_str     0x00000000000009df      0x495 src/cl_util.c.7.o
                                        0xb1b (size before relaxing)
 .debug_str     0x0000000000000e74      0x17f appinfo.auto.c.7.o
                                        0x2a1 (size before relaxing)

.debug_frame    0x0000000000000000      0x208
 .debug_frame   0x0000000000000000       0xf8 src/accelstream.c.7.o
 .debug_frame   0x00000000000000f8      0x110 src/cl_util.c.7.o
